webserver3b  n=1    rep0  served 1    hung 0    forked 0    zombies left 0    peak 0     last   501.1ms 
webserver3b  n=1    rep1  served 1    hung 0    forked 0    zombies left 0    peak 0     last   500.8ms 
webserver3b  n=1    rep2  served 1    hung 0    forked 0    zombies left 0    peak 0     last   500.9ms 
webserver3b  n=2    rep0  served 2    hung 0    forked 0    zombies left 0    peak 0     last  1001.1ms 
webserver3b  n=2    rep1  served 2    hung 0    forked 0    zombies left 0    peak 0     last  1001.5ms 
webserver3b  n=2    rep2  served 2    hung 0    forked 0    zombies left 0    peak 0     last  1001.3ms 
webserver3b  n=3    rep0  served 3    hung 0    forked 0    zombies left 0    peak 0     last  1502.1ms 
webserver3b  n=3    rep1  served 3    hung 0    forked 0    zombies left 0    peak 0     last  1501.8ms 
webserver3b  n=3    rep2  served 3    hung 0    forked 0    zombies left 0    peak 0     last  1502.0ms 
webserver3b  n=8    rep0  served 8    hung 0    forked 0    zombies left 0    peak 0     last  4005.2ms 
webserver3b  n=8    rep1  served 8    hung 0    forked 0    zombies left 0    peak 0     last  4005.0ms 
webserver3b  n=8    rep2  served 8    hung 0    forked 0    zombies left 0    peak 0     last  4005.2ms 
webserver3b  n=32   rep0  served 32   hung 0    forked 0    zombies left 0    peak 0     last 18466.7ms 
webserver3b  n=32   rep1  served 25   hung 6    forked 0    zombies left 0    peak 0     last 25341.9ms 
webserver3b  n=32   rep2  served 17   hung 15   forked 0    zombies left 0    peak 0     last 28063.8ms 
webserver3b  n=128  rep0  served 35   hung 94   forked 0    zombies left 0    peak 0     last 95472.1ms 
webserver3b  n=128  rep1  served 16   hung 112  forked 0    zombies left 0    peak 0     last 82789.4ms 
webserver3b  n=128  rep2  served 22   hung 106  forked 0    zombies left 0    peak 0     last 64996.5ms 
webserver3c  n=1    rep0  served 1    hung 0    forked 1    zombies left 1    peak 1     last   501.4ms 
webserver3c  n=1    rep1  served 1    hung 0    forked 1    zombies left 1    peak 1     last   501.6ms 
webserver3c  n=1    rep2  served 1    hung 0    forked 1    zombies left 1    peak 1     last   501.5ms 
webserver3c  n=2    rep0  served 2    hung 0    forked 2    zombies left 2    peak 2     last   501.9ms 
webserver3c  n=2    rep1  served 2    hung 0    forked 2    zombies left 2    peak 2     last   501.9ms 
webserver3c  n=2    rep2  served 2    hung 0    forked 2    zombies left 2    peak 2     last   502.1ms 
webserver3c  n=3    rep0  served 3    hung 0    forked 3    zombies left 3    peak 3     last   502.9ms 
webserver3c  n=3    rep1  served 3    hung 0    forked 3    zombies left 3    peak 3     last   502.7ms 
webserver3c  n=3    rep2  served 3    hung 0    forked 3    zombies left 3    peak 3     last   505.6ms 
webserver3c  n=8    rep0  served 8    hung 0    forked 8    zombies left 8    peak 8     last   506.9ms 
webserver3c  n=8    rep1  served 8    hung 0    forked 8    zombies left 8    peak 8     last   505.7ms 
webserver3c  n=8    rep2  served 8    hung 0    forked 8    zombies left 8    peak 8     last   507.2ms 
webserver3c  n=32   rep0  served 32   hung 0    forked 32   zombies left 32   peak 32    last  1723.0ms 
webserver3c  n=32   rep1  served 32   hung 0    forked 32   zombies left 32   peak 32    last  1546.8ms 
webserver3c  n=32   rep2  served 32   hung 0    forked 32   zombies left 32   peak 32    last  1522.6ms 
webserver3c  n=128  rep0  served 128  hung 0    forked 128  zombies left 128  peak 128   last  2992.1ms 
webserver3c  n=128  rep1  served 128  hung 0    forked 128  zombies left 128  peak 128   last  4856.6ms 
webserver3c  n=128  rep2  served 128  hung 0    forked 128  zombies left 128  peak 128   last  4739.1ms 
webserver3d  n=1    rep0  served 1    hung 1    forked 1    zombies left 1    peak 1     last     1.0ms 
webserver3d  n=1    rep1  served 1    hung 1    forked 1    zombies left 1    peak 1     last     0.9ms 
webserver3d  n=1    rep2  served 1    hung 1    forked 1    zombies left 1    peak 1     last     0.9ms 
webserver3d  n=2    rep0  served 2    hung 2    forked 2    zombies left 2    peak 2     last     1.7ms 
webserver3d  n=2    rep1  served 2    hung 2    forked 2    zombies left 2    peak 2     last     2.2ms 
webserver3d  n=2    rep2  served 2    hung 2    forked 2    zombies left 2    peak 2     last     2.2ms 
webserver3d  n=3    rep0  served 3    hung 3    forked 3    zombies left 3    peak 3     last     2.9ms 
webserver3d  n=3    rep1  served 3    hung 3    forked 3    zombies left 3    peak 3     last     2.2ms 
webserver3d  n=3    rep2  served 3    hung 3    forked 3    zombies left 3    peak 3     last     2.5ms 
webserver3d  n=8    rep0  served 8    hung 8    forked 8    zombies left 8    peak 8     last     6.7ms 
webserver3d  n=8    rep1  served 8    hung 8    forked 8    zombies left 8    peak 8     last     6.9ms 
webserver3d  n=8    rep2  served 8    hung 8    forked 8    zombies left 8    peak 8     last     6.4ms 
webserver3d  n=32   rep0  served 32   hung 32   forked 32   zombies left 32   peak 32    last  1246.6ms 
webserver3d  n=32   rep1  served 32   hung 32   forked 32   zombies left 32   peak 32    last  1230.2ms 
webserver3d  n=32   rep2  served 32   hung 32   forked 32   zombies left 32   peak 32    last  1037.0ms 
webserver3d  n=128  rep0  served 126  hung 128  forked 128  zombies left 128  peak 128   last  4495.2ms 
webserver3d  n=128  rep1  served 120  hung 128  forked 127  zombies left 127  peak 127   last  4455.8ms 
webserver3d  n=128  rep2  served 128  hung 128  forked 129  zombies left 129  peak 129   last  4346.8ms 
webserver3e  n=1    rep0  served 1    hung 0    forked 1    zombies left 0    peak 0     last   501.5ms 
webserver3e  n=1    rep1  served 1    hung 0    forked 1    zombies left 0    peak 0     last   501.5ms 
webserver3e  n=1    rep2  served 1    hung 0    forked 1    zombies left 0    peak 0     last   501.2ms 
webserver3e  n=2    rep0  served 2    hung 0    forked 2    zombies left 0    peak 0     last   502.2ms 
webserver3e  n=2    rep1  served 2    hung 0    forked 2    zombies left 0    peak 0     last   501.9ms 
webserver3e  n=2    rep2  served 2    hung 0    forked 2    zombies left 0    peak 0     last   501.9ms 
webserver3e  n=3    rep0  served 3    hung 0    forked 3    zombies left 0    peak 0     last   502.8ms 
webserver3e  n=3    rep1  served 3    hung 0    forked 3    zombies left 0    peak 0     last   502.7ms 
webserver3e  n=3    rep2  served 3    hung 0    forked 3    zombies left 0    peak 0     last   502.4ms 
webserver3e  n=8    rep0  served 8    hung 0    forked 8    zombies left 1    peak 1     last   506.3ms 
webserver3e  n=8    rep1  served 8    hung 0    forked 8    zombies left 0    peak 1     last   505.8ms 
webserver3e  n=8    rep2  served 8    hung 0    forked 8    zombies left 1    peak 1     last   507.6ms 
webserver3e  n=32   rep0  served 32   hung 0    forked 32   zombies left 2    peak 2     last  1541.3ms 
webserver3e  n=32   rep1  served 32   hung 0    forked 32   zombies left 2    peak 3     last  1743.6ms 
webserver3e  n=32   rep2  served 32   hung 0    forked 32   zombies left 1    peak 1     last  1734.0ms 
webserver3e  n=128  rep0  served 128  hung 0    forked 128  zombies left 6    peak 6     last  2769.4ms 
webserver3e  n=128  rep1  served 128  hung 0    forked 128  zombies left 4    peak 5     last  4851.7ms 
webserver3e  n=128  rep2  served 128  hung 1    forked 128  zombies left 2    peak 2     last  7467.4ms 
webserver3f  n=1    rep0  served 1    hung 0    forked 1    zombies left 0    peak 0     last   501.3ms 
webserver3f  n=1    rep1  served 1    hung 0    forked 1    zombies left 0    peak 0     last   501.4ms 
webserver3f  n=1    rep2  served 1    hung 0    forked 1    zombies left 0    peak 0     last   501.6ms 
webserver3f  n=2    rep0  served 2    hung 0    forked 2    zombies left 0    peak 0     last   502.0ms 
webserver3f  n=2    rep1  served 2    hung 0    forked 2    zombies left 0    peak 0     last   502.1ms 
webserver3f  n=2    rep2  served 2    hung 0    forked 2    zombies left 0    peak 0     last   502.0ms 
webserver3f  n=3    rep0  served 3    hung 0    forked 3    zombies left 0    peak 0     last   502.6ms 
webserver3f  n=3    rep1  served 3    hung 0    forked 3    zombies left 0    peak 0     last   502.7ms 
webserver3f  n=3    rep2  served 3    hung 0    forked 3    zombies left 0    peak 1     last   502.7ms 
webserver3f  n=8    rep0  served 8    hung 0    forked 8    zombies left 4    peak 4     last   505.2ms 
webserver3f  n=8    rep1  served 8    hung 0    forked 8    zombies left 2    peak 2     last   505.3ms 
webserver3f  n=8    rep2  served 8    hung 0    forked 8    zombies left 0    peak 0     last   505.1ms 
webserver3f  n=32   rep0  served 32   hung 0    forked 32   zombies left 4    peak 4     last   519.6ms 
webserver3f  n=32   rep1  served 32   hung 0    forked 32   zombies left 1    peak 1     last   521.4ms 
webserver3f  n=32   rep2  served 32   hung 0    forked 32   zombies left 1    peak 2     last   516.4ms 
webserver3f  n=128  rep0  served 128  hung 0    forked 128  zombies left 6    peak 6     last   578.1ms 
webserver3f  n=128  rep1  served 128  hung 0    forked 128  zombies left 2    peak 3     last   604.5ms 
webserver3f  n=128  rep2  served 128  hung 0    forked 128  zombies left 2    peak 2     last   569.7ms 
webserver3g  n=1    rep0  served 1    hung 0    forked 1    zombies left 0    peak 0     last   501.8ms 
webserver3g  n=1    rep1  served 1    hung 0    forked 1    zombies left 0    peak 0     last   501.4ms 
webserver3g  n=1    rep2  served 1    hung 0    forked 1    zombies left 0    peak 0     last   501.4ms 
webserver3g  n=2    rep0  served 2    hung 0    forked 2    zombies left 0    peak 0     last   502.0ms 
webserver3g  n=2    rep1  served 2    hung 0    forked 2    zombies left 0    peak 0     last   501.8ms 
webserver3g  n=2    rep2  served 2    hung 0    forked 2    zombies left 0    peak 0     last   502.1ms 
webserver3g  n=3    rep0  served 3    hung 0    forked 3    zombies left 0    peak 0     last   502.3ms 
webserver3g  n=3    rep1  served 3    hung 0    forked 3    zombies left 0    peak 0     last   502.8ms 
webserver3g  n=3    rep2  served 3    hung 0    forked 3    zombies left 0    peak 1     last   504.4ms 
webserver3g  n=8    rep0  served 8    hung 0    forked 8    zombies left 0    peak 0     last   505.3ms 
webserver3g  n=8    rep1  served 8    hung 0    forked 8    zombies left 0    peak 0     last   507.7ms 
webserver3g  n=8    rep2  served 8    hung 0    forked 8    zombies left 0    peak 0     last   506.4ms 
webserver3g  n=32   rep0  served 32   hung 0    forked 32   zombies left 0    peak 1     last   521.7ms 
webserver3g  n=32   rep1  served 32   hung 0    forked 32   zombies left 0    peak 0     last   518.3ms 
webserver3g  n=32   rep2  served 32   hung 0    forked 32   zombies left 0    peak 0     last   521.1ms 
webserver3g  n=128  rep0  served 128  hung 0    forked 128  zombies left 0    peak 1     last   581.6ms 
webserver3g  n=128  rep1  served 128  hung 0    forked 128  zombies left 0    peak 1     last   584.1ms 
webserver3g  n=128  rep2  served 128  hung 0    forked 128  zombies left 0    peak 1     last   603.4ms 
DIAG webserver3e with 3f's backlog      rep0  served 128  hung 0    zombies left 2   
DIAG webserver3e with 3f's backlog      rep1  served 128  hung 0    zombies left 4   
DIAG webserver3e with 3f's backlog      rep2  served 128  hung 0    zombies left 3   
DIAG webserver3f with 3e's backlog      rep0  served 128  hung 0    zombies left 8   
DIAG webserver3f with 3e's backlog      rep1  served 128  hung 0    zombies left 8   
DIAG webserver3f with 3e's backlog      rep2  served 128  hung 0    zombies left 5   
webserver3d  n=128 ulimit -n 64  served 60  hung 9  SERVER DIED

109 runs -> runs.json
